\BOOKMARK [1][-]{section.1}{\376\377\000I\000n\000t\000r\000o\000d\000u\000c\000t\000i\000o\000n}{}% 1
\BOOKMARK [1][-]{section.2}{\376\377\000N\000e\000t\000w\000o\000r\000k\000\040\000a\000t\000t\000a\000c\000k\000s\000\040\000a\000n\000d\000\040\000c\000o\000u\000n\000t\000e\000r\000m\000e\000a\000s\000u\000r\000e\000s}{}% 2
\BOOKMARK [2][-]{subsection.2.1}{\376\377\000O\000b\000j\000e\000c\000t\000i\000v\000e}{section.2}% 3
\BOOKMARK [2][-]{subsection.2.2}{\376\377\000M\000A\000C\000\040\000T\000a\000b\000l\000e\000\040\000O\000v\000e\000r\000f\000l\000o\000w}{section.2}% 4
\BOOKMARK [3][-]{subsubsection.2.2.1}{\376\377\000A\000t\000t\000a\000c\000k\000\040\000a\000n\000d\000\040\000C\000o\000u\000n\000t\000e\000r\000m\000e\000a\000s\000u\000r\000e}{subsection.2.2}% 5
\BOOKMARK [3][-]{subsubsection.2.2.2}{\376\377\000S\000w\000i\000t\000c\000h\000\040\000C\000o\000m\000p\000a\000r\000i\000s\000o\000n}{subsection.2.2}% 6
\BOOKMARK [3][-]{subsubsection.2.2.3}{\376\377\000F\000e\000a\000s\000i\000b\000i\000l\000i\000t\000y}{subsection.2.2}% 7
\BOOKMARK [2][-]{subsection.2.3}{\376\377\000D\000H\000C\000P\000\040\000s\000p\000o\000o\000f\000i\000n\000g}{section.2}% 8
\BOOKMARK [3][-]{subsubsection.2.3.1}{\376\377\000A\000t\000t\000a\000c\000k\000\040\000a\000n\000d\000\040\000C\000o\000u\000n\000t\000e\000r\000m\000e\000a\000s\000u\000r\000e}{subsection.2.3}% 9
\BOOKMARK [3][-]{subsubsection.2.3.2}{\376\377\000A\000I\000\040\000P\000r\000e\000d\000i\000c\000t\000i\000o\000n}{subsection.2.3}% 10
\BOOKMARK [3][-]{subsubsection.2.3.3}{\376\377\000S\000w\000i\000t\000c\000h\000\040\000C\000o\000m\000p\000a\000r\000i\000s\000o\000n}{subsection.2.3}% 11
\BOOKMARK [3][-]{subsubsection.2.3.4}{\376\377\000F\000e\000a\000s\000i\000b\000i\000l\000i\000t\000y}{subsection.2.3}% 12
\BOOKMARK [2][-]{subsection.2.4}{\376\377\000A\000R\000P\000\040\000p\000o\000i\000s\000o\000n\000i\000n\000g\000\040\000\050\000M\000i\000t\000M\000\051}{section.2}% 13
\BOOKMARK [3][-]{subsubsection.2.4.1}{\376\377\000N\000e\000t\000w\000o\000r\000k\000\040\000T\000o\000p\000o\000l\000o\000g\000y}{subsection.2.4}% 14
\BOOKMARK [3][-]{subsubsection.2.4.2}{\376\377\000A\000t\000t\000a\000c\000k\000\040\000a\000n\000d\000\040\000C\000o\000u\000n\000t\000e\000r\000m\000e\000a\000s\000u\000r\000e}{subsection.2.4}% 15
\BOOKMARK [3][-]{subsubsection.2.4.3}{\376\377\000D\000e\000f\000e\000n\000s\000e\000\040\000S\000t\000a\000t\000i\000s\000t\000i\000c\000s}{subsection.2.4}% 16
\BOOKMARK [3][-]{subsubsection.2.4.4}{\376\377\000A\000I\000\040\000C\000o\000n\000f\000i\000g\000u\000r\000a\000t\000i\000o\000n\000\040\000v\000s\000\040\000E\000x\000p\000e\000r\000i\000m\000e\000n\000t\000a\000l\000\040\000S\000e\000t\000u\000p}{subsection.2.4}% 17
\BOOKMARK [3][-]{subsubsection.2.4.5}{\376\377\000S\000w\000i\000t\000c\000h\000\040\000C\000o\000m\000p\000a\000r\000i\000s\000o\000n}{subsection.2.4}% 18
\BOOKMARK [3][-]{subsubsection.2.4.6}{\376\377\000F\000e\000a\000s\000i\000b\000i\000l\000i\000t\000y}{subsection.2.4}% 19
\BOOKMARK [2][-]{subsection.2.5}{\376\377\000D\000N\000S\000\040\000s\000p\000o\000o\000f\000i\000n\000g}{section.2}% 20
\BOOKMARK [3][-]{subsubsection.2.5.1}{\376\377\000A\000t\000t\000a\000c\000k\000\040\000D\000e\000s\000c\000r\000i\000p\000t\000i\000o\000n}{subsection.2.5}% 21
\BOOKMARK [3][-]{subsubsection.2.5.2}{\376\377\000A\000n\000a\000l\000y\000s\000i\000s\000\040\000o\000f\000\040\000A\000R\000P\000,\000\040\000D\000N\000S\000\040\000a\000n\000d\000\040\000T\000C\000P\000\040\000P\000a\000c\000k\000e\000t\000s}{subsection.2.5}% 22
\BOOKMARK [3][-]{subsubsection.2.5.3}{\376\377\000A\000I\000\040\000E\000x\000p\000l\000a\000n\000a\000t\000i\000o\000n\000\040\000a\000n\000d\000\040\000E\000x\000p\000e\000r\000i\000m\000e\000n\000t\000a\000l\000\040\000C\000o\000m\000p\000a\000r\000i\000s\000o\000n}{subsection.2.5}% 23
\BOOKMARK [3][-]{subsubsection.2.5.4}{\376\377\000F\000e\000a\000s\000i\000b\000i\000l\000i\000t\000y\000\040\000o\000f\000\040\000t\000h\000e\000\040\000A\000t\000t\000a\000c\000k}{subsection.2.5}% 24
\BOOKMARK [3][-]{subsubsection.2.5.5}{\376\377\000C\000o\000u\000n\000t\000e\000r\000m\000e\000a\000s\000u\000r\000e\000s}{subsection.2.5}% 25
\BOOKMARK [2][-]{subsection.2.6}{\376\377\000R\000I\000P\000\040\000P\000o\000i\000s\000o\000n\000i\000n\000g}{section.2}% 26
\BOOKMARK [3][-]{subsubsection.2.6.1}{\376\377\000N\000e\000t\000w\000o\000r\000k\000\040\000T\000o\000p\000o\000l\000o\000g\000y}{subsection.2.6}% 27
\BOOKMARK [3][-]{subsubsection.2.6.2}{\376\377\000A\000t\000t\000a\000c\000k\000\040\000a\000n\000d\000\040\000C\000o\000u\000n\000t\000e\000r\000m\000e\000a\000s\000u\000r\000e}{subsection.2.6}% 28
\BOOKMARK [3][-]{subsubsection.2.6.3}{\376\377\000R\000o\000u\000t\000i\000n\000g\000\040\000T\000a\000b\000l\000e\000\040\000A\000n\000a\000l\000y\000s\000i\000s}{subsection.2.6}% 29
\BOOKMARK [3][-]{subsubsection.2.6.4}{\376\377\000E\000f\000f\000e\000c\000t\000i\000v\000e\000n\000e\000s\000s\000\040\000o\000f\000\040\000t\000h\000e\000\040\000A\000t\000t\000a\000c\000k}{subsection.2.6}% 30
\BOOKMARK [3][-]{subsubsection.2.6.5}{\376\377\000A\000I\000\040\000P\000r\000e\000d\000i\000c\000t\000i\000o\000n\000\040\000v\000s\000\040\000E\000x\000p\000e\000r\000i\000m\000e\000n\000t\000a\000l\000\040\000R\000e\000s\000u\000l\000t\000s}{subsection.2.6}% 31
\BOOKMARK [3][-]{subsubsection.2.6.6}{\376\377\000F\000e\000a\000s\000i\000b\000i\000l\000i\000t\000y}{subsection.2.6}% 32
\BOOKMARK [1][-]{section.3}{\376\377\000F\000i\000r\000e\000w\000a\000l\000l\000s}{}% 33
\BOOKMARK [2][-]{subsection.3.1}{\376\377\000C\000l\000a\000s\000s\000i\000c\000a\000l\000\040\000f\000i\000r\000e\000w\000a\000l\000l\000s\000\040\000v\000e\000r\000s\000u\000s\000\040\000Z\000o\000n\000e\000-\000B\000a\000s\000e\000d\000\040\000P\000o\000l\000i\000c\000y\000\040\000F\000i\000r\000e\000w\000a\000l\000l\000s}{section.3}% 34
\BOOKMARK [3][-]{subsubsection.3.1.1}{\376\377\000F\000i\000r\000e\000w\000a\000l\000l\000\040\000V\000a\000l\000i\000d\000a\000t\000i\000o\000n}{subsection.3.1}% 35
\BOOKMARK [3][-]{subsubsection.3.1.2}{\376\377\000C\000l\000a\000s\000s\000i\000c\000a\000l\000\040\000F\000i\000r\000e\000w\000a\000l\000l\000\040\000\050\000C\000B\000A\000C\000\051}{subsection.3.1}% 36
\BOOKMARK [3][-]{subsubsection.3.1.3}{\376\377\000Z\000B\000P\000F}{subsection.3.1}% 37
\BOOKMARK [2][-]{subsection.3.2}{\376\377\000N\000M\000A\000P\000\040\000O\000p\000e\000r\000a\000t\000i\000o\000n}{section.3}% 38
\BOOKMARK [3][-]{subsubsection.3.2.1}{\376\377\000H\000o\000s\000t\000\040\000D\000i\000s\000c\000o\000v\000e\000r\000y}{subsection.3.2}% 39
\BOOKMARK [3][-]{subsubsection.3.2.2}{\376\377\000P\000o\000r\000t\000\040\000S\000c\000a\000n\000n\000i\000n\000g}{subsection.3.2}% 40
\BOOKMARK [2][-]{subsection.3.3}{\376\377\000C\000B\000A\000C\000\040\000v\000s\000\040\000Z\000B\000P\000F}{section.3}% 41
\BOOKMARK [2][-]{subsection.3.4}{\376\377\000P\000r\000o\000t\000e\000c\000t\000i\000n\000g\000\040\000a\000\040\000C\000a\000m\000p\000u\000s\000\040\000N\000e\000t\000w\000o\000r\000k\000\040\000u\000s\000i\000n\000g\000\040\000Z\000B\000P\000F}{section.3}% 42
\BOOKMARK [3][-]{subsubsection.3.4.1}{\376\377\000N\000e\000t\000w\000o\000r\000k\000\040\000T\000o\000p\000o\000l\000o\000g\000y}{subsection.3.4}% 43
\BOOKMARK [3][-]{subsubsection.3.4.2}{\376\377\000D\000M\000Z\000\040\000S\000e\000r\000v\000e\000r\000\040\000C\000o\000n\000f\000i\000g\000u\000r\000a\000t\000i\000o\000n}{subsection.3.4}% 44
\BOOKMARK [3][-]{subsubsection.3.4.3}{\376\377\000F\000i\000r\000e\000w\000a\000l\000l\000\040\000C\000o\000n\000f\000i\000g\000u\000r\000a\000t\000i\000o\000n}{subsection.3.4}% 45
\BOOKMARK [3][-]{subsubsection.3.4.4}{\376\377\000T\000e\000s\000t\000i\000n\000g\000\040\000a\000n\000d\000\040\000V\000a\000l\000i\000d\000a\000t\000i\000o\000n}{subsection.3.4}% 46
\BOOKMARK [3][-]{subsubsection.3.4.5}{\376\377\000A\000I\000-\000B\000a\000s\000e\000d\000\040\000Z\000B\000P\000F\000\040\000P\000r\000o\000p\000o\000s\000a\000l\000\040\000a\000n\000d\000\040\000C\000o\000m\000p\000a\000r\000i\000s\000o\000n}{subsection.3.4}% 47
\BOOKMARK [3][-]{subsubsection.3.4.6}{\376\377\000C\000o\000n\000c\000l\000u\000s\000i\000o\000n}{subsection.3.4}% 48
\BOOKMARK [2][-]{subsection.3.5}{\376\377\000D\000e\000f\000e\000n\000s\000e\000\040\000a\000g\000a\000i\000n\000s\000t\000\040\000D\000o\000S\000\040\000A\000t\000t\000a\000c\000k\000s}{section.3}% 49
\BOOKMARK [3][-]{subsubsection.3.5.1}{\376\377\000Z\000B\000P\000F\000\040\000C\000o\000n\000f\000i\000g\000u\000r\000a\000t\000i\000o\000n}{subsection.3.5}% 50
\BOOKMARK [3][-]{subsubsection.3.5.2}{\376\377\000I\000C\000M\000P\000\040\000F\000l\000o\000o\000d\000\040\000A\000t\000t\000a\000c\000k}{subsection.3.5}% 51
\BOOKMARK [3][-]{subsubsection.3.5.3}{\376\377\000T\000C\000P\000\040\000S\000Y\000N\000\040\000F\000l\000o\000o\000d\000\040\000A\000t\000t\000a\000c\000k}{subsection.3.5}% 52
\BOOKMARK [3][-]{subsubsection.3.5.4}{\376\377\000A\000n\000a\000l\000y\000s\000i\000s\000\040\000o\000f\000\040\000t\000h\000e\000\040\000A\000t\000t\000a\000c\000k\000s\000\040\000a\000n\000d\000\040\000M\000i\000t\000i\000g\000a\000t\000i\000o\000n}{subsection.3.5}% 53
\BOOKMARK [1][-]{section.4}{\376\377\000A\000A\000A}{}% 54
\BOOKMARK [2][-]{subsection.4.1}{\376\377\000A\000A\000A\000\040\000w\000i\000t\000h\000\040\000T\000A\000C\000A\000C\000S\000+}{section.4}% 55
\BOOKMARK [3][-]{subsubsection.4.1.1}{\376\377\000A\000A\000A\000\040\000C\000o\000n\000f\000i\000g\000u\000r\000a\000t\000i\000o\000n}{subsection.4.1}% 56
\BOOKMARK [3][-]{subsubsection.4.1.2}{\376\377\000A\000u\000t\000h\000e\000n\000t\000i\000c\000a\000t\000i\000o\000n\000,\000\040\000A\000u\000t\000h\000o\000r\000i\000z\000a\000t\000i\000o\000n\000\040\000a\000n\000d\000\040\000A\000c\000c\000o\000u\000n\000t\000i\000n\000g}{subsection.4.1}% 57
\BOOKMARK [3][-]{subsubsection.4.1.3}{\376\377\000P\000a\000s\000s\000w\000o\000r\000d\000\040\000C\000o\000n\000f\000i\000g\000u\000r\000a\000t\000i\000o\000n}{subsection.4.1}% 58
\BOOKMARK [3][-]{subsubsection.4.1.4}{\376\377\000W\000i\000r\000e\000s\000h\000a\000r\000k\000\040\000A\000n\000a\000l\000y\000s\000i\000s}{subsection.4.1}% 59
\BOOKMARK [3][-]{subsubsection.4.1.5}{\376\377\000B\000e\000n\000e\000f\000i\000t\000s\000\040\000o\000f\000\040\000S\000e\000r\000v\000e\000r\000-\000B\000a\000s\000e\000d\000\040\000A\000A\000A}{subsection.4.1}% 60
\BOOKMARK [2][-]{subsection.4.2}{\376\377\000A\000A\000A\000\040\000w\000i\000t\000h\000\040\000R\000a\000d\000i\000u\000s}{section.4}% 61
\BOOKMARK [3][-]{subsubsection.4.2.1}{\376\377\000R\000a\000d\000i\000u\000s\000\040\000C\000o\000n\000f\000i\000g\000u\000r\000a\000t\000i\000o\000n}{subsection.4.2}% 62
\BOOKMARK [3][-]{subsubsection.4.2.2}{\376\377\000A\000u\000t\000h\000e\000n\000t\000i\000c\000a\000t\000i\000o\000n\000,\000\040\000A\000u\000t\000h\000o\000r\000i\000z\000a\000t\000i\000o\000n\000\040\000a\000n\000d\000\040\000A\000c\000c\000o\000u\000n\000t\000i\000n\000g}{subsection.4.2}% 63
\BOOKMARK [3][-]{subsubsection.4.2.3}{\376\377\000C\000o\000m\000p\000a\000r\000i\000s\000o\000n\000\040\000B\000e\000t\000w\000e\000e\000n\000\040\000T\000A\000C\000A\000C\000S\000+\000\040\000a\000n\000d\000\040\000R\000a\000d\000i\000u\000s}{subsection.4.2}% 64
\BOOKMARK [2][-]{subsection.4.3}{\376\377\0008\0000\0002\000.\0001\000X\000\040\000A\000u\000t\000h\000e\000n\000t\000i\000c\000a\000t\000i\000o\000n}{section.4}% 65
\BOOKMARK [3][-]{subsubsection.4.3.1}{\376\377\000W\000i\000r\000e\000s\000h\000a\000r\000k\000\040\000A\000n\000a\000l\000y\000s\000i\000s\000\040\000o\000f\000\040\000E\000A\000P\000-\000P\000E\000A\000P\000\040\000A\000u\000t\000h\000e\000n\000t\000i\000c\000a\000t\000i\000o\000n}{subsection.4.3}% 66
\BOOKMARK [3][-]{subsubsection.4.3.2}{\376\377\000S\000e\000c\000u\000r\000i\000t\000y\000\040\000C\000o\000n\000s\000i\000d\000e\000r\000a\000t\000i\000o\000n\000s}{subsection.4.3}% 67
\BOOKMARK [3][-]{subsubsection.4.3.3}{\376\377\000C\000o\000m\000p\000a\000r\000i\000s\000o\000n\000\040\000B\000e\000t\000w\000e\000e\000n\000\040\000A\000I\000\040\000E\000x\000p\000l\000a\000n\000a\000t\000i\000o\000n\000\040\000a\000n\000d\000\040\000O\000b\000s\000e\000r\000v\000e\000d\000\040\000T\000r\000a\000f\000f\000i\000c}{subsection.4.3}% 68
\BOOKMARK [1][-]{section.5}{\376\377\000C\000o\000n\000c\000l\000u\000s\000i\000o\000n}{}% 69
\BOOKMARK [1][-]{appendix.A}{\376\377\000F\000i\000r\000e\000w\000a\000l\000l\000\040\000C\000o\000n\000f\000i\000g\000u\000r\000a\000t\000i\000o\000n}{}% 70
\BOOKMARK [2][-]{subsection.A.1}{\376\377\000Z\000o\000n\000e\000\040\000D\000e\000f\000i\000n\000i\000t\000i\000o\000n\000s}{appendix.A}% 71
\BOOKMARK [2][-]{subsection.A.2}{\376\377\000I\000n\000t\000e\000r\000f\000a\000c\000e\000\040\000C\000o\000n\000f\000i\000g\000u\000r\000a\000t\000i\000o\000n\000\040\000a\000n\000d\000\040\000Z\000o\000n\000e\000\040\000A\000s\000s\000i\000g\000n\000m\000e\000n\000t}{appendix.A}% 72
\BOOKMARK [2][-]{subsection.A.3}{\376\377\000N\000A\000T\000\040\000C\000o\000n\000f\000i\000g\000u\000r\000a\000t\000i\000o\000n}{appendix.A}% 73
\BOOKMARK [2][-]{subsection.A.4}{\376\377\000A\000c\000c\000e\000s\000s\000\040\000C\000o\000n\000t\000r\000o\000l\000\040\000L\000i\000s\000t\000s}{appendix.A}% 74
\BOOKMARK [3][-]{subsubsection.A.4.1}{\376\377\000P\000R\000\040\000t\000o\000\040\000O\000U\000T}{subsection.A.4}% 75
\BOOKMARK [3][-]{subsubsection.A.4.2}{\376\377\000P\000R\000\040\000t\000o\000\040\000D\000M\000Z}{subsection.A.4}% 76
\BOOKMARK [3][-]{subsubsection.A.4.3}{\376\377\000O\000U\000T\000\040\000t\000o\000\040\000D\000M\000Z}{subsection.A.4}% 77
\BOOKMARK [3][-]{subsubsection.A.4.4}{\376\377\000D\000M\000Z\000\040\000t\000o\000\040\000O\000U\000T}{subsection.A.4}% 78
\BOOKMARK [2][-]{subsection.A.5}{\376\377\000C\000l\000a\000s\000s\000-\000M\000a\000p\000s}{appendix.A}% 79
\BOOKMARK [2][-]{subsection.A.6}{\376\377\000P\000o\000l\000i\000c\000y\000-\000M\000a\000p\000s}{appendix.A}% 80
\BOOKMARK [2][-]{subsection.A.7}{\376\377\000Z\000o\000n\000e\000-\000P\000a\000i\000r\000s}{appendix.A}% 81
\BOOKMARK [2][-]{subsection.A.8}{\376\377\000S\000S\000H\000\040\000M\000a\000n\000a\000g\000e\000m\000e\000n\000t\000\040\000A\000c\000c\000e\000s\000s}{appendix.A}% 82
\BOOKMARK [2][-]{subsection.A.9}{\376\377\000W\000e\000b\000\040\000S\000e\000r\000v\000e\000r\000\040\000C\000o\000n\000f\000i\000g\000u\000r\000a\000t\000i\000o\000n}{appendix.A}% 83
\BOOKMARK [2][-]{subsection.A.10}{\376\377\000D\000N\000S\000\040\000S\000e\000r\000v\000e\000r\000\040\000C\000o\000n\000f\000i\000g\000u\000r\000a\000t\000i\000o\000n}{appendix.A}% 84
\BOOKMARK [2][-]{subsection.A.11}{\376\377\000E\000m\000a\000i\000l\000\040\000S\000e\000r\000v\000e\000r\000\040\000S\000i\000m\000u\000l\000a\000t\000i\000o\000n}{appendix.A}% 85
\BOOKMARK [1][-]{appendix.B}{\376\377\000R\000I\000P\000\040\000P\000o\000i\000s\000o\000n\000i\000n\000g\000\040\000A\000t\000t\000a\000c\000k\000\040\000S\000c\000r\000i\000p\000t}{}% 86
\BOOKMARK [2][-]{subsection.B.1}{\376\377\000F\000i\000r\000s\000t\000\040\000A\000t\000t\000e\000m\000p\000t\000\040\040\023\000\040\000E\000q\000u\000a\000l\000-\000C\000o\000s\000t\000\040\000R\000o\000u\000t\000e\000\040\000I\000n\000j\000e\000c\000t\000i\000o\000n}{appendix.B}% 87
\BOOKMARK [2][-]{subsection.B.2}{\376\377\000S\000e\000c\000o\000n\000d\000\040\000A\000t\000t\000e\000m\000p\000t\000\040\040\023\000\040\000M\000o\000r\000e\000\040\000S\000p\000e\000c\000i\000f\000i\000c\000\040\000P\000r\000e\000f\000i\000x\000\040\000I\000n\000j\000e\000c\000t\000i\000o\000n}{appendix.B}% 88
